// Jest Snapshot v1, https://goo.gl/fbAQLP

exports[`counter app test match con snapshot 1`] = `
<div
  className="card animate__animated animate__fadeIn animate__delay-0s"
>
  <img
    alt="un titulo"
    key="23123"
    src="https://dynamic-media-cdn.tripadvisor.com/media/photo-o/15/a4/9b/77/legacy-hotel-at-img-academy.jpg?w=1200&h=-1&s=1"
  />
  <p>
    un titulo
  </p>
</div>
`;
